%!Adobe-FontList 1.25
%Locale:0x412

%BeginFont
Handler:DirectoryHandler
FontType:Invalid
OutlineFileName:C:\Users\HP\Desktop\정기후원renewal\Font\RemixIcon_Fonts_v4.6.0\remixicon.css
FileModTime:1786692130
%EndFont

%BeginFont
Handler:DirectoryHandler
FontType:Invalid
OutlineFileName:C:\Users\HP\Desktop\정기후원renewal\Font\RemixIcon_Fonts_v4.6.0\remixicon.eot
FileModTime:1786593882
%EndFont

%BeginFont
Handler:DirectoryHandler
FontType:TrueType
FontName:remixicon
FamilyName:remixicon
StyleName:Regular
FullName:remixicon
MenuName:remixicon
StyleBits:0
WritingScript:Roman
OutlineFileName:C:\Users\HP\Desktop\정기후원renewal\Font\RemixIcon_Fonts_v4.6.0\remixicon.ttf
DataFormat:sfntData
hasSVG:no
hasCOLR:no
VariableFontType:NonVariableFont
FileLength:569976
FileModTime:1786595272
WeightClass:400
WidthClass:5
AngleClass:0
NameArray:0,Mac,4,remixicon
NameArray:0,Win,1,remixicon
%EndFont

%BeginFont
Handler:DirectoryHandler
FontType:Invalid
OutlineFileName:C:\Users\HP\Desktop\정기후원renewal\Font\RemixIcon_Fonts_v4.6.0\remixicon.woff
FileModTime:1786595262
%EndFont

%BeginFont
Handler:DirectoryHandler
FontType:Invalid
OutlineFileName:C:\Users\HP\Desktop\정기후원renewal\Font\RemixIcon_Fonts_v4.6.0\remixicon.woff2
FileModTime:1786595257
%EndFont

%BeginFont
Handler:DirectoryHandler
FontType:Invalid
OutlineFileName:C:\Users\HP\Desktop\정기후원renewal\Font\pretendard\PretendardGOV-Bold.subset.woff
FileModTime:1786500179
%EndFont

%BeginFont
Handler:DirectoryHandler
FontType:Invalid
OutlineFileName:C:\Users\HP\Desktop\정기후원renewal\Font\pretendard\PretendardGOV-Medium.subset.woff
FileModTime:1786500227
%EndFont

%BeginFont
Handler:DirectoryHandler
FontType:Invalid
OutlineFileName:C:\Users\HP\Desktop\정기후원renewal\Font\pretendard\PretendardGOV-Regular.subset.woff
FileModTime:1786500168
%EndFont

%BeginFont
Handler:DirectoryHandler
FontType:Invalid
OutlineFileName:C:\Users\HP\Desktop\정기후원renewal\Font\pretendard\PretendardGOV-SemiBold.subset.woff
FileModTime:1786500190
%EndFont

%BeginFont
Handler:DirectoryHandler
FontType:Invalid
OutlineFileName:C:\Users\HP\Desktop\정기후원renewal\Font\pretendard\pretendard-gov.css
FileModTime:1786494798
%EndFont

